// Jest Snapshot v1, https://goo.gl/fbAQLP

exports[`renders correctly 1`] = `
<View
  accessibilityState={
    {
      "busy": undefined,
      "checked": undefined,
      "disabled": undefined,
      "expanded": undefined,
      "selected": undefined,
    }
  }
  accessibilityValue={
    {
      "max": undefined,
      "min": undefined,
      "now": undefined,
      "text": undefined,
    }
  }
  accessible={true}
  collapsable={false}
  focusable={true}
  onClick={[Function]}
  onResponderGrant={[Function]}
  onResponderMove={[Function]}
  onResponderRelease={[Function]}
  onResponderTerminate={[Function]}
  onResponderTerminationRequest={[Function]}
  onStartShouldSetResponder={[Function]}
  style={
    {
      "opacity": 1,
    }
  }
>
  <View
    animatedStyle={
      {
        "value": {},
      }
    }
    collapsable={false}
    style={
      {
        "alignItems": "center",
        "backgroundColor": "#FFFFFF",
        "borderColor": "#34423E",
        "borderRadius": 6,
        "borderWidth": 1,
        "justifyContent": "center",
        "padding": 10,
      }
    }
  >
    <Text
      style={
        {
          "color": "#34423E",
        }
      }
    >
      Press me!
    </Text>
  </View>
</View>
`;
