// Jest Snapshot v1, https://goo.gl/fbAQLP

exports[`renders correctly 1`] = `
<View
  style={
    [
      {
        "flexDirection": "row",
        "gap": 18,
      },
      {},
    ]
  }
>
  <View />
</View>
`;
